// Jest Snapshot v1, https://goo.gl/fbAQLP

exports[`App snapshot matches snapshot 1`] = `
<div
  className="app"
>
  <Background />
  <Menu />
  <Footer />
</div>
`;
