// Jest Snapshot v1, https://goo.gl/fbAQLP

exports[`ConcentrationBoard snapshot matches snapshot when isPortrait 1`] = `
<DocumentFragment>
  <div
    class="board"
  >
    <div
      class="board-row-wrapper"
    >
      <div
        class="board-row"
      >
        <img
          alt=""
          src=""
        />
        <img
          alt=""
          src=""
        />
        <img
          alt=""
          src=""
        />
        <img
          alt=""
          src=""
        />
      </div>
    </div>
    <div
      class="board-row-wrapper"
    >
      <div
        class="board-row"
      >
        <img
          alt=""
          src=""
        />
        <img
          alt=""
          src=""
        />
        <img
          alt=""
          src=""
        />
        <img
          alt=""
          src=""
        />
      </div>
    </div>
    <div
      class="board-row-wrapper"
    >
      <div
        class="board-row"
      >
        <img
          alt=""
          src=""
        />
        <img
          alt=""
          src=""
        />
        <img
          alt=""
          src=""
        />
        <img
          alt=""
          src=""
        />
      </div>
    </div>
    <div
      class="board-row-wrapper"
    >
      <div
        class="board-row"
      >
        <img
          alt=""
          src=""
        />
        <img
          alt=""
          src=""
        />
        <img
          alt=""
          src=""
        />
        <img
          alt=""
          src=""
        />
      </div>
    </div>
    <div
      class="board-row-wrapper"
    >
      <div
        class="board-row"
      >
        <img
          alt=""
          src=""
        />
        <img
          alt=""
          src=""
        />
        <img
          alt=""
          src=""
        />
        <img
          alt=""
          src=""
        />
      </div>
    </div>
    <div
      class="board-row-wrapper"
    >
      <div
        class="board-row"
      >
        <img
          alt=""
          src=""
        />
        <img
          alt=""
          src=""
        />
        <img
          alt=""
          src=""
        />
        <img
          alt=""
          src=""
        />
      </div>
    </div>
  </div>
</DocumentFragment>
`;

exports[`ConcentrationBoard snapshot matches snapshot when not isPortrait 1`] = `
<DocumentFragment>
  <div
    class="board"
  >
    <div
      class="board-row-wrapper"
    >
      <div
        class="board-row"
      >
        <img
          alt=""
          src=""
        />
        <img
          alt=""
          src=""
        />
        <img
          alt=""
          src=""
        />
        <img
          alt=""
          src=""
        />
        <img
          alt=""
          src=""
        />
        <img
          alt=""
          src=""
        />
      </div>
    </div>
    <div
      class="board-row-wrapper"
    >
      <div
        class="board-row"
      >
        <img
          alt=""
          src=""
        />
        <img
          alt=""
          src=""
        />
        <img
          alt=""
          src=""
        />
        <img
          alt=""
          src=""
        />
        <img
          alt=""
          src=""
        />
        <img
          alt=""
          src=""
        />
      </div>
    </div>
    <div
      class="board-row-wrapper"
    >
      <div
        class="board-row"
      >
        <img
          alt=""
          src=""
        />
        <img
          alt=""
          src=""
        />
        <img
          alt=""
          src=""
        />
        <img
          alt=""
          src=""
        />
        <img
          alt=""
          src=""
        />
        <img
          alt=""
          src=""
        />
      </div>
    </div>
    <div
      class="board-row-wrapper"
    >
      <div
        class="board-row"
      >
        <img
          alt=""
          src=""
        />
        <img
          alt=""
          src=""
        />
        <img
          alt=""
          src=""
        />
        <img
          alt=""
          src=""
        />
        <img
          alt=""
          src=""
        />
        <img
          alt=""
          src=""
        />
      </div>
    </div>
  </div>
</DocumentFragment>
`;
