// Jest Snapshot v1, https://goo.gl/fbAQLP

exports[`Footer snapshot matches snapshot 1`] = `
<footer
  className="footer"
  role="contentinfo"
>
  <div
    className="copyright"
  >
    Â© 2017-
    2023
     Nicole Pranke
  </div>
</footer>
`;
